MO edgedet NULL C:/Users/niki/Desktop/proiectLDH/edge.v vlg3A/edgedet.bin 1372233293
MO final_module NULL C:/Users/niki/Desktop/proiectLDH/final_module.v vlg7B/final__module.bin 1372233293
MO divider NULL C:/Users/niki/Desktop/proiectLDH/divider.v vlg4B/divider.bin 1372233293
MO quantumPeriod NULL C:/Users/niki/Desktop/proiectLDH/quantumPeriod.v vlg7A/quantum_period.bin 1372233293
MO pirority_end NULL C:/Users/niki/Desktop/proiectLDH/priority_enc.v vlg4C/pirority__end.bin 1372233293
MO debounce NULL C:/Users/niki/Desktop/proiectLDH/debounce.v vlg1D/debounce.bin 1372233293
MO Rotary_Shaft NULL C:/Users/niki/Desktop/proiectLDH/Rotary_Shaft.v vlg12/_rotary___shaft.bin 1372233293
MO NOT NULL C:/Users/niki/Desktop/proiectLDH/NOT.v vlg7D/_n_o_t.bin 1372233293
MO signal_gen NULL C:/Users/niki/Desktop/proiectLDH/signal_gen.v vlg3B/signal__gen.bin 1372233293
MO duty_cycle NULL C:/Users/niki/Desktop/proiectLDH/duty_cycle.v vlg0D/duty__cycle.bin 1372233293
MO freq_generator NULL C:/Users/niki/Desktop/proiectLDH/freq_generator.v vlg34/freq__generator.bin 1372233293
