HI-TECH Software C Compiler 

Linker command line:

--edf=C:\Program Files (x86)\HI-TECH Software\PICC\9.83\dat\en_msgs.txt -cs \
  -h+Stop Watch.sym -z -Q16F877 -ol.obj -MStop Watch.map -E1 \
  -ACONST=00h-0FFhx32 -ACODE=00h-07FFhx4 -ASTRCODE=00h-01FFFh \
  -AENTRY=00h-0FFhx32 -ASTRING=00h-0FFhx32 -ABANK0=020h-06Fh \
  -ABANK1=0A0h-0EFh -ABANK2=0110h-016Fh -ABANK3=0190h-01EFh \
  -ARAM=020h-06Fh,0A0h-0EFh,0110h-016Fh,0190h-01EFh \
  -AABS1=020h-07Fh,0A0h-0EFh,0110h-016Fh,0190h-01EFh -ACOMMON=070h-07Fh \
  -ASFR0=00h-01Fh -ASFR1=080h-09Fh -ASFR2=0100h-010Fh -ASFR3=0180h-018Fh \
  -preset_vec=00h,intentry=04h,init,end_init -ppowerup=CODE -pfunctab=CODE \
  -ACONFIG=02007h-02007h -pconfig=CONFIG -DCONFIG=2 -AIDLOC=02000h-02003h \
  -pidloc=IDLOC -DIDLOC=2 -AEEDATA=00h-0FFh/02100h -peeprom_data=EEDATA \
  -DEEDATA=2 -DCODE=2 -DSTRCODE=2 -DSTRING=2 -DCONST=2 -DENTRY=2 -k \
  startup.obj Stop Watch.obj 

Object code version is 3.10

Machine type is 16F877



                Name                               Link     Load   Length Selector   Space Scale
startup.obj     end_init                              C        C        3        8       0
                reset_vec                             0        0        3        0       0
Stop Watch.obj  intentry                              4        4        8        8       0
                config                             2007     2007        1     400E       0
                text424                             2CC      2CC       11        8       0
                text423                             296      296       36        8       0
                text418                             2EA      2EA        8        8       0
                text413                               F        F      17C        8       0
                maintext                            18B      18B      10B        8       0
                cstackBANK0                          20       20        A       20       1
                cstackCOMMON                         70       70        8       70       1
                bssBANK0                             2A       2A        4       20       1
                dataCOMMON                           7A       7A        2       70       1
                bssCOMMON                            78       78        2       70       1
                cinit                               2DD      2DD        D        8       0

TOTAL           Name                               Link     Load   Length     Space
        CLASS   CONST          

        CLASS   CODE           
                end_init                              C        C        3         0
                intentry                              4        4        8         0
                reset_vec                             0        0        3         0
                text424                             2CC      2CC       11         0
                text423                             296      296       36         0
                text418                             2EA      2EA        8         0
                text413                               F        F      17C         0
                maintext                            18B      18B      10B         0
                cinit                               2DD      2DD        D         0

        CLASS   STRCODE        

        CLASS   ENTRY          

        CLASS   STRING         

        CLASS   BANK0          
                cstackBANK0                          20       20        A         1
                bssBANK0                             2A       2A        4         1

        CLASS   BANK1          

        CLASS   BANK2          

        CLASS   BANK3          

        CLASS   RAM            

        CLASS   ABS1           
                abs_s1                               7E       7E        2         1

        CLASS   COMMON         
                cstackCOMMON                         70       70        8         1
                dataCOMMON                           7A       7A        2         1
                bssCOMMON                            78       78        2         1

        CLASS   SFR0           

        CLASS   SFR1           

        CLASS   SFR2           

        CLASS   SFR3           

        CLASS   CONFIG         
                config                             2007     2007        1         0

        CLASS   IDLOC          

        CLASS   EEDATA         



SEGMENTS        Name                           Load    Length   Top    Selector   Space  Class     Delta

                reset_vec                      000000  000003  000003         0       0  CODE        2
                intentry                       000004  0002EE  0002F2         8       0  CODE        2
                cstackBANK0                    000020  00000E  00002E        20       1  BANK0       1
                cstackCOMMON                   000070  00000C  00007C        70       1  COMMON      1
                config                         002007  000001  002008      400E       0  CONFIG      2


UNUSED ADDRESS RANGES

        Name                Unused          Largest block    Delta
        BANK0            002E-006F             42           1
        BANK1            00A0-00EF             50           1
        BANK2            0110-016F             60           1
        BANK3            0190-01EF             60           1
        CODE             0003-0003              1           2
                         02F2-1FFF            800
        COMMON           007C-007D              2           1
        CONST            0003-0003              1           2
                         02F2-1FFF            100
        EEDATA           2100-21FF            100           2
        ENTRY            0003-0003              1           2
                         02F2-1FFF            100
        IDLOC            2000-2003              4           2
        RAM              002E-006F             42           1
                         00A0-00EF             50
                         0110-016F             60
                         0190-01EF             60
        SFR0             0000-001F             20           1
        SFR1             0080-009F             20           1
        SFR2             0100-010F             10           1
        SFR3             0180-018F             10           1
        STRCODE          0003-0003              1           2
                         02F2-1FFF           1D0E
        STRING           0003-0003              1           2
                         02F2-1FFF            100

                                  Symbol Table

??_ClearLCDScreen                 cstackCOMMON 0074
??_DisplayTimeToLCD               cstackCOMMON 0077
??_ISR                            cstackCOMMON 0070
??_Init1msecTimerInterrupt        cstackCOMMON 0072
??_InitLCD                        cstackCOMMON 0074
??_InitTimer0                     cstackCOMMON 0072
??_ToggleEpinOfLCD                cstackCOMMON 0072
??_UpdateTimeCounters             cstackCOMMON 0072
??_WriteCommandToLCD              cstackCOMMON 0073
??_WriteDataToLCD                 cstackCOMMON 0073
??___lwdiv                        cstackCOMMON 0076
??___lwmod                        cstackCOMMON 0076
??_main                           cstackCOMMON 0077
?_ClearLCDScreen                  cstackCOMMON 0070
?_DisplayTimeToLCD                cstackBANK0  0023
?_ISR                             cstackCOMMON 0070
?_Init1msecTimerInterrupt         cstackCOMMON 0070
?_InitLCD                         cstackCOMMON 0070
?_InitTimer0                      cstackCOMMON 0070
?_ToggleEpinOfLCD                 cstackCOMMON 0070
?_UpdateTimeCounters              cstackCOMMON 0070
?_WriteCommandToLCD               cstackCOMMON 0070
?_WriteDataToLCD                  cstackCOMMON 0070
?___lwdiv                         cstackCOMMON 0072
?___lwmod                         cstackCOMMON 0072
?_main                            cstackCOMMON 0070
DisplayTimeToLCD@State            cstackBANK0  0029
DisplayTimeToLCD@h                cstackBANK0  0023
DisplayTimeToLCD@m                cstackBANK0  0025
DisplayTimeToLCD@s                cstackBANK0  0027
UpdateTimeCounters@State          cstackCOMMON 0072
WriteCommandToLCD@Command         cstackCOMMON 0073
WriteDataToLCD@LCDChar            cstackCOMMON 0073
_ADCON1                           (abs)        009F
_ClearLCDScreen                   text413      016C
_DisplayTimeToLCD                 text413      000F
_GIE                              (abs)        005F
_ISR                              text424      02CC
_Init1msecTimerInterrupt          text418      02EA
_InitLCD                          text413      00F4
_InitTimer0                       text418      02EB
_OPTION_REG                       (abs)        0081
_PORTB                            (abs)        0006
_RB0                              (abs)        0030
_RB1                              (abs)        0031
_RB4                              (abs)        0034
_RB5                              (abs)        0035
_RB6                              (abs)        0036
_RB7                              (abs)        0037
_RD0                              (abs)        0040
_RE0                              (abs)        0048
_RE1                              (abs)        0049
_RE2                              (abs)        004A
_T0IE                             (abs)        005D
_T0IF                             (abs)        005A
_TMR0                             (abs)        0001
_TRISB0                           (abs)        0430
_TRISB1                           (abs)        0431
_TRISB4                           (abs)        0434
_TRISB5                           (abs)        0435
_TRISB6                           (abs)        0436
_TRISB7                           (abs)        0437
_TRISD0                           (abs)        0440
_TRISE                            (abs)        0089
_ToggleEpinOfLCD                  text413      014C
_UpdateTimeCounters               text423      0296
_WriteCommandToLCD                text413      015A
_WriteDataToLCD                   text413      0094
__Habs1                           abs1         0000
__Hbank0                          bank0        0000
__Hbank1                          bank1        0000
__Hbank2                          bank2        0000
__Hbank3                          bank3        0000
__HbssBANK0                       bssBANK0     0000
__HbssCOMMON                      bssCOMMON    0000
__Hcinit                          cinit        0000
__Hclrtext                        clrtext      0000
__Hcode                           code         0000
__Hcommon                         common       0000
__Hconfig                         config       2008
__HcstackBANK0                    cstackBANK0  0000
__HcstackCOMMON                   cstackCOMMON 0000
__HdataCOMMON                     dataCOMMON   0000
__Heeprom_data                    eeprom_data  0000
__Hend_init                       end_init     000F
__Hfunctab                        functab      0000
__HidataCOMMON                    idataCOMMON  0000
__Hidloc                          idloc        0000
__Hinit                           init         000C
__Hintentry                       intentry     000C
__Hmaintext                       maintext     0000
__Hpa_nodes                       pa_nodes     0000
__Hpowerup                        powerup      0000
__Hram                            ram          0000
__Hreset_vec                      reset_vec    0003
__Hsfr0                           sfr0         0000
__Hsfr1                           sfr1         0000
__Hsfr2                           sfr2         0000
__Hsfr3                           sfr3         0000
__Hstrings                        strings      0000
__Htext                           text         0000
__Labs1                           abs1         0000
__Lbank0                          bank0        0000
__Lbank1                          bank1        0000
__Lbank2                          bank2        0000
__Lbank3                          bank3        0000
__LbssBANK0                       bssBANK0     0000
__LbssCOMMON                      bssCOMMON    0000
__Lcinit                          cinit        0000
__Lclrtext                        clrtext      0000
__Lcode                           code         0000
__Lcommon                         common       0000
__Lconfig                         config       2007
__LcstackBANK0                    cstackBANK0  0000
__LcstackCOMMON                   cstackCOMMON 0000
__LdataCOMMON                     dataCOMMON   0000
__Leeprom_data                    eeprom_data  0000
__Lend_init                       end_init     000C
__Lfunctab                        functab      0000
__LidataCOMMON                    idataCOMMON  0000
__Lidloc                          idloc        0000
__Linit                           init         000C
__Lintentry                       intentry     0004
__Lmaintext                       maintext     0000
__Lpa_nodes                       pa_nodes     0000
__Lpowerup                        powerup      0000
__Lram                            ram          0000
__Lreset_vec                      reset_vec    0000
__Lsfr0                           sfr0         0000
__Lsfr1                           sfr1         0000
__Lsfr2                           sfr2         0000
__Lsfr3                           sfr3         0000
__Lstrings                        strings      0000
__Ltext                           text         0000
__S0                              (abs)        2008
__S1                              (abs)        007C
__S2                              (abs)        0000
___lwdiv                          text413      00A6
___lwdiv@counter                  cstackBANK0  0020
___lwdiv@dividend                 cstackCOMMON 0074
___lwdiv@divisor                  cstackCOMMON 0072
___lwdiv@quotient                 cstackBANK0  0021
___lwmod                          text413      00D0
___lwmod@counter                  cstackCOMMON 0076
___lwmod@dividend                 cstackCOMMON 0074
___lwmod@divisor                  cstackCOMMON 0072
__end_of_ClearLCDScreen           text413      017A
__end_of_DisplayTimeToLCD         text413      0094
__end_of_ISR                      text424      02DD
__end_of_Init1msecTimerInterrupt  text418      02EB
__end_of_InitLCD                  text413      014C
__end_of_InitTimer0               text418      02F2
__end_of_ToggleEpinOfLCD          text413      015A
__end_of_UpdateTimeCounters       text423      02CC
__end_of_WriteCommandToLCD        text413      016C
__end_of_WriteDataToLCD           text413      00A6
__end_of___lwdiv                  text413      00D0
__end_of___lwmod                  text413      00F4
__end_of_main                     maintext     0296
__pbssBANK0                       bssBANK0     002A
__pbssCOMMON                      bssCOMMON    0078
__pcstackBANK0                    cstackBANK0  0020
__pcstackCOMMON                   cstackCOMMON 0070
__pdataCOMMON                     dataCOMMON   007A
__pidataCOMMON                    idataCOMMON  0000
__pintentry                       intentry     0004
__pmaintext                       maintext     018B
__ptext413                        text413      000F
__ptext414                        text413      016C
__ptext415                        text413      00F4
__ptext416                        text413      0094
__ptext417                        text413      015A
__ptext418                        text418      02EA
__ptext419                        text413      014C
__ptext420                        text413      00D0
__ptext421                        text413      00A6
__ptext422                        text418      02EB
__ptext423                        text423      0296
__ptext424                        text424      02CC
__ptext425                        text425      0000
__size_of_ClearLCDScreen          (abs)        0000
__size_of_DisplayTimeToLCD        (abs)        0000
__size_of_ISR                     (abs)        0000
__size_of_Init1msecTimerInterrupt (abs)        0000
__size_of_InitLCD                 (abs)        0000
__size_of_InitTimer0              (abs)        0000
__size_of_ToggleEpinOfLCD         (abs)        0000
__size_of_UpdateTimeCounters      (abs)        0000
__size_of_WriteCommandToLCD       (abs)        0000
__size_of_WriteDataToLCD          (abs)        0000
__size_of___lwdiv                 (abs)        0000
__size_of___lwmod                 (abs)        0000
__size_of_main                    (abs)        0000
_exit                             init         000C
_hrCounter                        bssBANK0     002A
_main                             maintext     018B
_minCounter                       bssCOMMON    0078
_msCounter                        bssBANK0     002C
_secCounter                       dataCOMMON   007A
btemp                             (abs)        007E
end_of_initialization             cinit        02E6
i1l4084                                            
i1l4088                                            
i1l4090                                            
interrupt_function                intentry     0004
intlevel0                         functab      0000
intlevel1                         functab      0000
intlevel2                         functab      0000
intlevel3                         functab      0000
intlevel4                         functab      0000
intlevel5                         functab      0000
l1287                                              
l1290                                              
l1293                                              
l1296                                              
l1305                                              
l2675                                              
l2678                                              
l3345                                              
l3355                                              
l4092                                              
l4096                                              
l4114                                              
l4116                                              
l4144                                              
l4158                                              
l4166                                              
l4168                                              
l4170                                              
l4172                                              
l4174                                              
l4176                                              
l4178                                              
l4180                                              
l4182                                              
l4184                                              
l4186                                              
l4188                                              
l4190                                              
l4192                                              
l4194                                              
l4196                                              
l4198                                              
l4200                                              
l4202                                              
l4204                                              
l4206                                              
l4208                                              
l4210                                              
l4212                                              
l4214                                              
l4216                                              
l4218                                              
l4220                                              
l4222                                              
l4224                                              
l4226                                              
l4228                                              
l4230                                              
l4232                                              
l4234                                              
l4236                                              
l4238                                              
l4388                                              
l4390                                              
l4400                                              
l4404                                              
l4408                                              
l4414                                              
l4416                                              
l4418                                              
l4422                                              
l4428                                              
l4434                                              
l4436                                              
l4438                                              
l4440                                              
l4442                                              
l4444                                              
l4446                                              
l4540                                              
l4548                                              
main@State                        cstackCOMMON 0077
reset_vec                         reset_vec    0000
saved_w                           (abs)        007E
start                             init         000C
start_initialization              cinit        02DD
wtemp0                            (abs)        007E
